
   PASS  Tests\Unit\ExampleTest
  Γ£ô that trueΓÇª  0.01s  

   PASS  Tests\Feature\Auth\AuthenticationTest
  Γ£ô login screΓÇª 0.33s  
  Γ£ô users canΓÇª  0.06s  
  Γ£ô users canΓÇª  0.23s  
  Γ£ô users canΓÇª  0.02s  

   PASS  Tests\Feature\Auth\EmailVerificationTest
  Γ£ô email veriΓÇª 0.02s  
  Γ£ô email canΓÇª  0.02s  
  Γ£ô email is nΓÇª 0.02s  

   PASS  Tests\Feature\Auth\PasswordConfirmationTest
  Γ£ô confirm paΓÇª 0.03s  
  Γ£ô password cΓÇª 0.02s  
  Γ£ô password iΓÇª 0.22s  

   PASS  Tests\Feature\Auth\PasswordResetTest
  Γ£ô reset passΓÇª 0.03s  
  Γ£ô reset passΓÇª 0.22s  
  Γ£ô reset passΓÇª 0.23s  
  Γ£ô password cΓÇª 0.23s  

   PASS  Tests\Feature\Auth\PasswordUpdateTest
  Γ£ô password cΓÇª 0.03s  
  Γ£ô correct paΓÇª 0.02s  

   PASS  Tests\Feature\Auth\RegistrationTest
  Γ£ô registratiΓÇª 0.03s  
  Γ£ô new usersΓÇª  0.02s  

   PASS  Tests\Feature\BookingCreatesTerminTest
  Γ£ô user can bΓÇª 0.02s  

   PASS  Tests\Feature\BookingPreventsDuplicateSlotTest
  Γ£ô cannot booΓÇª 0.02s  

   PASS  Tests\Feature\ExampleTest
  Γ£ô the applicΓÇª 0.02s  

   PASS  Tests\Feature\Http\Controllers\TerminControllerTest
  Γ£ô index dispΓÇª 0.04s  
  Γ£ô create disΓÇª 0.03s  
  Γ£ô store saveΓÇª 0.02s  
  Γ£ô show displΓÇª 0.03s  
  Γ£ô edit displΓÇª 0.04s  
  Γ£ô update redΓÇª 0.03s  
  Γ£ô destroy deΓÇª 0.02s  

   PASS  Tests\Feature\Http\Controllers\UslugaControllerTest
  Γ£ô index dispΓÇª 0.04s  
  Γ£ô create disΓÇª 0.03s  
  Γ£ô store saveΓÇª 0.02s  
  Γ£ô show displΓÇª 0.03s  
  Γ£ô edit displΓÇª 0.03s  
  Γ£ô update redΓÇª 0.02s  
  Γ£ô destroy deΓÇª 0.02s  

   FAIL  Tests\Feature\Http\Controllers\VoziloControllerTest
  Γ¿» index dispΓÇª 0.03s  
  Γ¿» create disΓÇª 0.02s  
  Γ¿» store saveΓÇª 0.02s  
  Γ¿» show displΓÇª 0.02s  
  Γ¿» edit displΓÇª 0.02s  
  Γ¿» update redΓÇª 0.02s  
  Γ¿» destroy deΓÇª 0.02s  

   PASS  Tests\Feature\LandingPageTest
  Γ£ô landing paΓÇª 0.02s  
  Γ£ô zakazi butΓÇª 0.02s  
  Γ£ô zakazi butΓÇª 0.03s  

   PASS  Tests\Feature\ProfileTest
  Γ£ô profile paΓÇª 0.04s  
  Γ£ô profile inΓÇª 0.02s  
  Γ£ô email veriΓÇª 0.02s  
  Γ£ô user can dΓÇª 0.02s  
  Γ£ô correct paΓÇª 0.02s  
  ΓöÇΓöÇΓöÇΓöÇΓöÇΓöÇΓöÇΓöÇΓöÇΓöÇΓöÇΓöÇΓöÇΓöÇΓöÇΓöÇΓöÇΓöÇΓöÇ  
   FAILED  Tests\Feature\Http\Controllers\VoziloControllerTest > index displays view  RouteNotFoundException   
  Route [admin.vozila.index] not defined.

  at vendor\laravel\framework\src\Illuminate\Routing\UrlGenerator.php:526
    522Γûò             ! is_null($url = call_user_func($this->missingNamedRouteResolver, $name, $parameters, $absolute))) {
    523Γûò             return $url;
    524Γûò         }
    525Γûò 
  Γ₧£ 526Γûò         throw new RouteNotFoundException("Route [{$name}] not defined.");
    527Γûò     }
    528Γûò 
    529Γûò     /**
    530Γûò      * Get the URL for a given route instance.

  1   vendor\laravel\framework\src\Illuminate\Routing\UrlGenerator.php:526
  2   vendor\laravel\framework\src\Illuminate\Foundation\helpers.php:871

  ΓöÇΓöÇΓöÇΓöÇΓöÇΓöÇΓöÇΓöÇΓöÇΓöÇΓöÇΓöÇΓöÇΓöÇΓöÇΓöÇΓöÇΓöÇΓöÇ  
   FAILED  Tests\Feature\Http\Controllers\VoziloControllerTest > create displays view  RouteNotFoundException   
  Route [admin.vozila.create] not defined.

  at vendor\laravel\framework\src\Illuminate\Routing\UrlGenerator.php:526
    522Γûò             ! is_null($url = call_user_func($this->missingNamedRouteResolver, $name, $parameters, $absolute))) {
    523Γûò             return $url;
    524Γûò         }
    525Γûò 
  Γ₧£ 526Γûò         throw new RouteNotFoundException("Route [{$name}] not defined.");
    527Γûò     }
    528Γûò 
    529Γûò     /**
    530Γûò      * Get the URL for a given route instance.

  1   vendor\laravel\framework\src\Illuminate\Routing\UrlGenerator.php:526
  2   vendor\laravel\framework\src\Illuminate\Foundation\helpers.php:871

  ΓöÇΓöÇΓöÇΓöÇΓöÇΓöÇΓöÇΓöÇΓöÇΓöÇΓöÇΓöÇΓöÇΓöÇΓöÇΓöÇΓöÇΓöÇΓöÇ  
   FAILED  Tests\Feature\Http\Controllers\VoziloControllerTest > store saves and redirects  RouteNotFoundException   
  Route [admin.vozila.store] not defined.

  at vendor\laravel\framework\src\Illuminate\Routing\UrlGenerator.php:526
    522Γûò             ! is_null($url = call_user_func($this->missingNamedRouteResolver, $name, $parameters, $absolute))) {
    523Γûò             return $url;
    524Γûò         }
    525Γûò 
  Γ₧£ 526Γûò         throw new RouteNotFoundException("Route [{$name}] not defined.");
    527Γûò     }
    528Γûò 
    529Γûò     /**
    530Γûò      * Get the URL for a given route instance.

  1   vendor\laravel\framework\src\Illuminate\Routing\UrlGenerator.php:526
  2   vendor\laravel\framework\src\Illuminate\Foundation\helpers.php:871

  ΓöÇΓöÇΓöÇΓöÇΓöÇΓöÇΓöÇΓöÇΓöÇΓöÇΓöÇΓöÇΓöÇΓöÇΓöÇΓöÇΓöÇΓöÇΓöÇ  
   FAILED  Tests\Feature\Http\Controllers\VoziloControllerTest > show displays view  RouteNotFoundException   
  Route [admin.vozila.show] not defined.

  at vendor\laravel\framework\src\Illuminate\Routing\UrlGenerator.php:526
    522Γûò             ! is_null($url = call_user_func($this->missingNamedRouteResolver, $name, $parameters, $absolute))) {
    523Γûò             return $url;
    524Γûò         }
    525Γûò 
  Γ₧£ 526Γûò         throw new RouteNotFoundException("Route [{$name}] not defined.");
    527Γûò     }
    528Γûò 
    529Γûò     /**
    530Γûò      * Get the URL for a given route instance.

  1   vendor\laravel\framework\src\Illuminate\Routing\UrlGenerator.php:526
  2   vendor\laravel\framework\src\Illuminate\Foundation\helpers.php:871

  ΓöÇΓöÇΓöÇΓöÇΓöÇΓöÇΓöÇΓöÇΓöÇΓöÇΓöÇΓöÇΓöÇΓöÇΓöÇΓöÇΓöÇΓöÇΓöÇ  
   FAILED  Tests\Feature\Http\Controllers\VoziloControllerTest > edit displays view  RouteNotFoundException   
  Route [admin.vozila.edit] not defined.

  at vendor\laravel\framework\src\Illuminate\Routing\UrlGenerator.php:526
    522Γûò             ! is_null($url = call_user_func($this->missingNamedRouteResolver, $name, $parameters, $absolute))) {
    523Γûò             return $url;
    524Γûò         }
    525Γûò 
  Γ₧£ 526Γûò         throw new RouteNotFoundException("Route [{$name}] not defined.");
    527Γûò     }
    528Γûò 
    529Γûò     /**
    530Γûò      * Get the URL for a given route instance.

  1   vendor\laravel\framework\src\Illuminate\Routing\UrlGenerator.php:526
  2   vendor\laravel\framework\src\Illuminate\Foundation\helpers.php:871

  ΓöÇΓöÇΓöÇΓöÇΓöÇΓöÇΓöÇΓöÇΓöÇΓöÇΓöÇΓöÇΓöÇΓöÇΓöÇΓöÇΓöÇΓöÇΓöÇ  
   FAILED  Tests\Feature\Http\Controllers\VoziloControllerTest > update redirects  RouteNotFoundException   
  Route [admin.vozila.update] not defined.

  at vendor\laravel\framework\src\Illuminate\Routing\UrlGenerator.php:526
    522Γûò             ! is_null($url = call_user_func($this->missingNamedRouteResolver, $name, $parameters, $absolute))) {
    523Γûò             return $url;
    524Γûò         }
    525Γûò 
  Γ₧£ 526Γûò         throw new RouteNotFoundException("Route [{$name}] not defined.");
    527Γûò     }
    528Γûò 
    529Γûò     /**
    530Γûò      * Get the URL for a given route instance.

  1   vendor\laravel\framework\src\Illuminate\Routing\UrlGenerator.php:526
  2   vendor\laravel\framework\src\Illuminate\Foundation\helpers.php:871

  ΓöÇΓöÇΓöÇΓöÇΓöÇΓöÇΓöÇΓöÇΓöÇΓöÇΓöÇΓöÇΓöÇΓöÇΓöÇΓöÇΓöÇΓöÇΓöÇ  
   FAILED  Tests\Feature\Http\Controllers\VoziloControllerTest > destroy deletes and redirects  RouteNotFoundException   
  Route [admin.vozila.destroy] not defined.

  at vendor\laravel\framework\src\Illuminate\Routing\UrlGenerator.php:526
    522Γûò             ! is_null($url = call_user_func($this->missingNamedRouteResolver, $name, $parameters, $absolute))) {
    523Γûò             return $url;
    524Γûò         }
    525Γûò 
  Γ₧£ 526Γûò         throw new RouteNotFoundException("Route [{$name}] not defined.");
    527Γûò     }
    528Γûò 
    529Γûò     /**
    530Γûò      * Get the URL for a given route instance.

  1   vendor\laravel\framework\src\Illuminate\Routing\UrlGenerator.php:526
  2   vendor\laravel\framework\src\Illuminate\Foundation\helpers.php:871


  Tests:    7 failed, 44 passed (124 assertions)
  Duration: 2.91s

